// Jest Snapshot v1, https://goo.gl/fbAQLP

exports[`Footer Snapshot Component should match the UI snapshot version 1`] = `
<div
  className="Footer"
>
  <p
    className="Footer-title"
  >
    Platzi Store
  </p>
  <p
    className="Footer-copy"
  >
    Testing snapshot on Footer
  </p>
</div>
`;
